<html>
<body>
<pre>
<h1>µVision Build Log</h1>
<h2>Tool Versions:</h2>
IDE-Version: ¦ÌVision V5.41.0.0
Copyright (C) 2024 ARM Ltd and ARM Germany GmbH. All rights reserved.
License Information: w bh, dd , LIC=BUURY-IGQMU-WF5I7-EZCP9-R07QY-5MNVQ
 
Tool Versions:
Toolchain:       MDK-ARM Plus  Version: 5.41.0.0
Toolchain Path:  D:\MDK5\Keil_v5\ARM\ARMCC\Bin
C Compiler:      Armcc.exe V5.06 update 7 (build 960)
Assembler:       Armasm.exe V5.06 update 7 (build 960)
Linker/Locator:  ArmLink.exe V5.06 update 7 (build 960)
Library Manager: ArmAr.exe V5.06 update 7 (build 960)
Hex Converter:   FromElf.exe V5.06 update 7 (build 960)
CPU DLL:         SARMCM3.DLL V5.41.0.0
Dialog DLL:      DCM.DLL V1.17.5.0
Target DLL:      STLink\ST-LINKIII-KEIL_SWO.dll V3.3.0.0
Dialog DLL:      TCM.DLL V1.56.4.0
 
<h2>Project:</h2>
D:\Project\STM\Car_F4\Car_F427\MDK-ARM\Car_F427.uvprojx
Project File Date:  04/26/2025

<h2>Output:</h2>
*** Using Compiler 'V5.06 update 7 (build 960)', folder: 'D:\MDK5\Keil_v5\ARM\ARMCC\Bin'
Build target 'Car_F427'
compiling usart.c...
compiling dma.c...
compiling stm32f4xx_hal_timebase_tim.c...
compiling stm32f4xx_hal_msp.c...
compiling tim.c...
compiling spi.c...
compiling can.c...
compiling stm32f4xx_it.c...
compiling adc.c...
compiling gpio.c...
compiling freertos.c...
compiling i2c.c...
compiling main.c...
../BSP/ST7735S/st7735s.h(268): warning:  #1295-D: Deprecated declaration ST7735_Unselect - give arg types
      void ST7735_Unselect();
../Core/Src/main.c(136): warning:  #167-D: argument of type "const unsigned char *" is incompatible with parameter of type "const uint16_t *"
    ST7735_DrawImage(0, 0, 160, 80, gImage_school_name);
../Core/Src/main.c: 2 warnings, 0 errors
compiling stm32f4xx_ll_adc.c...
compiling stm32f4xx_hal_gpio.c...
compiling stm32f4xx_hal_flash_ramfunc.c...
compiling stm32f4xx_hal_adc.c...
compiling stm32f4xx_hal_flash.c...
compiling stm32f4xx_hal_flash_ex.c...
compiling stm32f4xx_hal_dma.c...
compiling stm32f4xx_hal_dma_ex.c...
compiling stm32f4xx_hal_tim_ex.c...
compiling stm32f4xx_hal_adc_ex.c...
compiling stm32f4xx_hal_pwr.c...
compiling stm32f4xx_hal_rcc_ex.c...
compiling stm32f4xx_hal_rcc.c...
compiling stm32f4xx_hal_tim.c...
compiling croutine.c...
compiling event_groups.c...
compiling list.c...
compiling queue.c...
compiling tasks.c...
compiling stream_buffer.c...
compiling timers.c...
compiling heap_4.c...
compiling sbus.c...
compiling port.c...
compiling stm32f4xx_hal_cortex.c...
compiling stm32f4xx_hal_pwr_ex.c...
compiling stm32f4xx_hal_i2c_ex.c...
compiling stm32f4xx_hal_can.c...
compiling stm32f4xx_hal_exti.c...
compiling stm32f4xx_hal.c...
compiling system_stm32f4xx.c...
compiling stm32f4xx_hal_uart.c...
compiling stm32f4xx_hal_spi.c...
compiling stm32f4xx_hal_i2c.c...
compiling log.c...
compiling cmsis_os2.c...
compiling fonts.c...
compiling image.c...
..\BSP\ST7735S\image.c(6429): warning:  #1-D: last line of file ends without a newline
      
..\BSP\ST7735S\image.c: 1 warning, 0 errors
compiling drv_can.c...
compiling multi_button.c...
..\BSP\BUTTON\multi_button.h(62): warning:  #1-D: last line of file ends without a newline
   #endif
..\BSP\BUTTON\multi_button.c(208): warning:  #1-D: last line of file ends without a newline
   }
..\BSP\BUTTON\multi_button.c: 2 warnings, 0 errors
compiling pid.c...
compiling motor.c...
compiling screen_manager.c...
..\BSP\ST7735S\st7735s.h(268): warning:  #1295-D: Deprecated declaration ST7735_Unselect - give arg types
      void ST7735_Unselect();
..\BSP\ST7735S\screen_manager.c: 1 warning, 0 errors
compiling adc_v.c...
compiling callback.c...
compiling screen_config.c...
..\BSP\ST7735S\st7735s.h(268): warning:  #1295-D: Deprecated declaration ST7735_Unselect - give arg types
      void ST7735_Unselect();
..\BSP\ST7735S\screen_config.c(20): warning:  #144-D: a value of type "const unsigned char *" cannot be used to initialize an entity of type "const uint16_t *"
           .bg_image = gImage_shurudianya,
..\BSP\ST7735S\screen_config.c(26): warning:  #144-D: a value of type "const unsigned char *" cannot be used to initialize an entity of type "const uint16_t *"
           .bg_image = gImage_wenshidu,
..\BSP\ST7735S\screen_config.c(33): warning:  #144-D: a value of type "const unsigned char *" cannot be used to initialize an entity of type "const uint16_t *"
          .bg_image = gImage_github,
..\BSP\ST7735S\screen_config.c: 4 warnings, 0 errors
compiling aht20.c...
..\BSP\AHT20\aht20.h(17): warning:  #1295-D: Deprecated declaration AHT20_Init - give arg types
  void AHT20_Init();
..\BSP\AHT20\aht20.c: 1 warning, 0 errors
compiling st7735s.c...
..\BSP\ST7735S\st7735s.h(268): warning:  #1295-D: Deprecated declaration ST7735_Unselect - give arg types
      void ST7735_Unselect();
..\BSP\ST7735S\st7735s.c: 1 warning, 0 errors
compiling sever_init.c...
../BSP/ST7735S/st7735s.h(268): warning:  #1295-D: Deprecated declaration ST7735_Unselect - give arg types
      void ST7735_Unselect();
../BSP/AHT20/aht20.h(17): warning:  #1295-D: Deprecated declaration AHT20_Init - give arg types
  void AHT20_Init();
..\BSP\TASKS\sever_init.c(11): warning:  #223-D: function "Button_Init" declared implicitly
      Button_Init();
..\BSP\TASKS\sever_init.c: 3 warnings, 0 errors
compiling button_config.c...
..\BSP\BUTTON\multi_button.h(62): warning:  #1-D: last line of file ends without a newline
   #endif
..\BSP\BUTTON\button_config.h(11): warning:  #1295-D: Deprecated declaration read_button1_GPIO - give arg types
  uint8_t read_button1_GPIO();
..\BSP\BUTTON\button_config.h(14): warning:  #1295-D: Deprecated declaration Button_Init - give arg types
  void Button_Init();
..\BSP\BUTTON\button_config.c(15): warning:  #111-D: statement is unreachable
          break;
..\BSP\BUTTON\button_config.c(19): warning:  #111-D: statement is unreachable
          break;
..\BSP\BUTTON\button_config.c: 5 warnings, 0 errors
compiling send_motor_data.c...
../BSP/ST7735S/st7735s.h(268): warning:  #1295-D: Deprecated declaration ST7735_Unselect - give arg types
      void ST7735_Unselect();
..\BSP\TASKS\send_motor_data.c: 1 warning, 0 errors
compiling motor_control.c...
compiling wheel.c...
../BSP/ST7735S/st7735s.h(268): warning:  #1295-D: Deprecated declaration ST7735_Unselect - give arg types
      void ST7735_Unselect();
../BSP/AHT20/aht20.h(17): warning:  #1295-D: Deprecated declaration AHT20_Init - give arg types
  void AHT20_Init();
..\BSP\WHEEL\wheel.c: 2 warnings, 0 errors
linking...
Program Size: Code=36460 RO-data=108968 RW-data=360 ZI-data=95840  
FromELF: creating hex file...
"Car_F427\Car_F427.axf" - 0 Error(s), 23 Warning(s).

<h2>Software Packages used:</h2>

Package Vendor: ARM
                https://www.keil.com/pack/ARM.CMSIS.6.1.0.pack
                ARM::CMSIS@6.1.0
                CMSIS (Common Microcontroller Software Interface Standard)
   * Component: CORE Version: 6.1.0

Package Vendor: Keil
                https://www.keil.com/pack/Keil.STM32F4xx_DFP.3.0.0.pack
                Keil::STM32F4xx_DFP@3.0.0
                STMicroelectronics STM32F4 Series Device Support

<h2>Collection of Component include folders:</h2>
  ./RTE/_Car_F427
  D:/MDK5/Arm/Packs/ARM/CMSIS/6.1.0/CMSIS/Core/Include

<h2>Collection of Component Files used:</h2>

   * Component: ARM::CMSIS:CORE@6.1.0
      Include file:  CMSIS/Core/Include/tz_context.h
Build Time Elapsed:  00:00:28
</pre>
</body>
</html>
